<html>
<body>
<pre>
<h1>µVision Build Log</h1>
<h2>Tool Versions:</h2>
IDE-Version: µVision V5.28.0.0
Copyright (C) 2019 ARM Ltd and ARM Germany GmbH. All rights reserved.
License Information: Abraham Genetu, HP Inc., LIC=----
 
Tool Versions:
Toolchain:       MDK-Lite  Version: 5.28.0.0
Toolchain Path:  C:\Keil_v5\ARM\ARMCC\Bin
C Compiler:      Armcc.exe V5.06 update 6 (build 750)
Assembler:       Armasm.exe V5.06 update 6 (build 750)
Linker/Locator:  ArmLink.exe V5.06 update 6 (build 750)
Library Manager: ArmAr.exe V5.06 update 6 (build 750)
Hex Converter:   FromElf.exe V5.06 update 6 (build 750)
CPU DLL:         SARM.DLL V5.28.0.0
Dialog DLL:      DARMP.DLL V1.53.0.0
Target DLL:      UL2ARM.DLL V1.74.10.0
Dialog DLL:      TARMP.DLL V1.53.0.0
 
<h2>Project:</h2>
C:\Users\user\Downloads\Documents\.ARM Projects\.LPC214x projects\.PROJECT\CALCULATOR\keypadddd.uvproj
Project File Date:  09/30/2021

<h2>Output:</h2>
*** Using Compiler 'V5.06 update 6 (build 750)', folder: 'C:\Keil_v5\ARM\ARMCC\Bin'
Build target 'Target 1'
compiling main.c...
LCD.h(16): warning:  #1295-D: Deprecated declaration set_configuration - give arg types
  void set_configuration();
KEYPAD.h(144): warning:  #111-D: statement is unreachable
      case '0': return 0; break;
KEYPAD.h(145): warning:  #111-D: statement is unreachable
      case '1': return 1; break;
KEYPAD.h(146): warning:  #111-D: statement is unreachable
      case '2': return 2; break;
KEYPAD.h(147): warning:  #111-D: statement is unreachable
      case '3': return 3; break;
KEYPAD.h(148): warning:  #111-D: statement is unreachable
      case '4': return 4; break;
KEYPAD.h(149): warning:  #111-D: statement is unreachable
      case '5': return 5; break;
KEYPAD.h(150): warning:  #111-D: statement is unreachable
      case '6': return 6; break;
KEYPAD.h(151): warning:  #111-D: statement is unreachable
      case '7': return 7; break;
KEYPAD.h(152): warning:  #111-D: statement is unreachable
      case '8': return 8; break;
KEYPAD.h(153): warning:  #111-D: statement is unreachable
      case '9': return 9; break;
KEYPAD.h(156): warning:  #1-D: last line of file ends without a newline
  }
PLL.h(16): warning:  #1-D: last line of file ends without a newline
  }
TIMER.h(28): warning:  #1-D: last line of file ends without a newline
  }
main.c: 14 warnings, 0 errors
linking...
Program Size: Code=4872 RO-data=16 RW-data=0 ZI-data=1256  
FromELF: creating hex file...
".\Objects\keypadddd.axf" - 0 Error(s), 14 Warning(s).
Build Time Elapsed:  00:00:01
</pre>
</body>
</html>
